Found 3 test(s).
System check identified no issues (0 silenced).
Latest exchange rate fetched from database: 1.100000
